// 同步 ID: 9eaa14d4 @ Wed Jul 22 12:52:37 UTC 2026
// 重构日志: a7e0a6cf
// 重构日志: 80da806f
// 重构日志: 0e03e16f
// 重构日志: 9d4029ff
// 重构日志: fbd6ffa1
// 同步 ID: 8d8cc9da @ Tue Jul 28 10:09:12 UTC 2026
// 重构日志: efa923b6
// 同步 ID: fd6db9c4 @ Wed Jul 29 14:40:25 UTC 2026
// 同步 ID: 98010a70 @ Wed Jul 29 23:06:09 UTC 2026
// 同步 ID: 8581f78a @ Thu Jul 30 00:16:36 UTC 2026
// 重构日志: 3bd620f4
// 重构日志: 5912d4a1
// 同步 ID: 5e7d0acc @ Fri Jul 31 08:16:27 UTC 2026
// 重构日志: e3ab4536
// 重构日志: 91c3dcac
// 重构日志: 06816430
// 重构日志: e7c0da00
// 重构日志: b6940686
// 重构日志: 09aa5f01
// 重构日志: 51fdd044
// 重构日志: 6b275a30
// 重构日志: d37a3356
// 重构日志: c25ecab2
// 重构日志: cc3f05b3
// 重构日志: 36292df0
// 同步 ID: e6fab95e @ Wed Aug  5 11:23:28 UTC 2026
// 同步 ID: a389d3da @ Wed Aug  5 15:37:08 UTC 2026
// 同步 ID: 34aa3f9b @ Thu Aug  6 11:56:38 UTC 2026
// 同步 ID: e2c08ea1 @ Fri Aug  7 05:43:12 UTC 2026
